[{"type":"warning","firstColumn":1,"lastColumn":1,"lastLine":1,"message":"missing <!DOCTYPE> declaration","extract":"<html></html>","hiliteStart":0,"hiliteLength":0,"file":"test/work/incomplete.html"},{"type":"warning","firstColumn":7,"lastColumn":7,"lastLine":1,"message":"discarding unexpected </html>","extract":"</html>","hiliteStart":0,"hiliteLength":0,"file":"test/work/incomplete.html"},{"type":"warning","firstColumn":14,"lastColumn":14,"lastLine":1,"message":"inserting missing 'title' element","extract":"","hiliteStart":0,"hiliteLength":0,"file":"test/work/incomplete.html"},{"extract":"","hiliteStart":0,"hiliteLength":0,"file":"test/work/incomplete.html"}]